// Jest Snapshot v1, https://goo.gl/fbAQLP

exports[`Home page matches snapshot 1`] = `
<DocumentFragment>
  <div
    class="container"
  >
    <header
      class="container"
    >
      <div
        class="content"
      >
        <div
          class="inner"
        >
          <a
            class="title"
            href="/"
          >
            <h1>
              Nap Joseph Calub
            </h1>
          </a>
          <p
            class="description"
          >
            not only working software, but also well-crafted software
          </p>
          <div
            class="navigation"
          >
            <div
              class="container"
            >
              <div
                class="content"
              >
                <nav>
                  <a
                    class="link"
                    href="/"
                  >
                    Home
                  </a>
                  <a
                    class="link"
                    href="/posts"
                  >
                    Posts
                  </a>
                  <a
                    class="link"
                    href="https://napjose.ph/calub"
                    rel="noreferrer"
                    target="_blank"
                  >
                    View Curriculum Vitae
                  </a>
                </nav>
              </div>
            </div>
          </div>
        </div>
      </div>
    </header>
    <main
      class="container"
    >
      <div
        class="container"
      >
        <div
          class="content"
        >
          <div>
            <h2
              class="title"
            >
              Recent Posts
            </h2>
            <p
              class="description"
            >
              Nullam risus blandit ac aliquam justo ipsum. Quam mauris volutpat massa dictumst amet. Sapien tortor lacus arcu.
            </p>
          </div>
          <div
            class="posts"
          >
            <p
              class="empty"
            >
              It looks a little empty right now. Please check back later.
            </p>
          </div>
        </div>
      </div>
    </main>
    <footer
      aria-labelledby="footer-heading"
      class="container"
    >
      <h2
        class="sr-only"
        id="footer-heading"
      >
        Footer
      </h2>
      <div
        class="content"
      >
        <p
          class="text-base text-gray-400 text-left"
        >
          Â© 2021 
          <a
            class="name"
            href="/"
          >
            Nap Joseph Calub
          </a>
          . All rights reserved.
        </p>
        <div
          class="my-4 flex justify-left space-x-6"
        >
          <nav
            class="container"
          >
            <a
              class="link"
              href="https://github.com/njncalub"
              rel="noreferrer"
              target="_blank"
            >
              <div
                class="iconWrapper"
              >
                <i
                  class="icon fa-mocked"
                />
              </div>
            </a>
            <a
              class="link"
              href="https://keybase.io/njncalub"
              rel="noreferrer"
              target="_blank"
            >
              <div
                class="iconWrapper"
              >
                <i
                  class="icon fa-mocked"
                />
              </div>
            </a>
            <a
              class="link"
              href="https://linkedin.com/in/njncalub"
              rel="noreferrer"
              target="_blank"
            >
              <div
                class="iconWrapper"
              >
                <i
                  class="icon fa-mocked"
                />
              </div>
            </a>
          </nav>
        </div>
      </div>
    </footer>
  </div>
</DocumentFragment>
`;
