// Jest Snapshot v1, https://goo.gl/fbAQLP

exports[`Home page matches snapshot 1`] = `
<DocumentFragment>
  <div
    class="app"
  >
    <main />
  </div>
  <footer
    class="footer"
  />
</DocumentFragment>
`;
