// Jest Snapshot v1, https://goo.gl/fbAQLP

exports[`Home page matches snapshot 1`] = `
<DocumentFragment>
  <h1
    class="title"
  >
    Home Page
  </h1>
</DocumentFragment>
`;
